Last login: Tue Feb  7 12:43:13 on ttys000
Ms-MacBook-Pro:~ abhishekarora$ cd Desktop/
Ms-MacBook-Pro:Desktop abhishekarora$ cd cognizance/datasets/
Ms-MacBook-Pro:datasets abhishekarora$ cd Archive
Ms-MacBook-Pro:Archive abhishekarora$ import datasets glass.csv
-bash: import: command not found
Ms-MacBook-Pro:Archive abhishekarora$ pwd
/Users/abhishekarora/Desktop/cognizance/datasets/Archive
Ms-MacBook-Pro:Archive abhishekarora$ python3
Python 3.6.0 (default, Dec 24 2016, 00:01:50) 
[GCC 4.2.1 Compatible Apple LLVM 8.0.0 (clang-800.0.42.1)] on darwin
Type "help", "copyright", "credits" or "license" for more information.
>>> import pandas as pd
>>> from sklearn import glass.csv
  File "<stdin>", line 1
    from sklearn import glass.csv
                             ^
SyntaxError: invalid syntax
>>> pandas.read_csv
Traceback (most recent call last):
  File "<stdin>", line 1, in <module>
NameError: name 'pandas' is not defined
>>> pd.read_csv
<function _make_parser_function.<locals>.parser_f at 0x10b6f50d0>
>>> pd.read_csv(glass.csv)
Traceback (most recent call last):
  File "<stdin>", line 1, in <module>
NameError: name 'glass' is not defined
>>> df = pd.read_glass.csv
Traceback (most recent call last):
  File "<stdin>", line 1, in <module>
AttributeError: module 'pandas' has no attribute 'read_glass'
>>> df = pd.read_csv
>>> df
<function _make_parser_function.<locals>.parser_f at 0x10b6f50d0>
>>> df = pd.read_csv('glass.csv')
>>> df
          RI     Na    Mg    Al     Si     K    Ca    Ba    Fe  Type
0    1.52101  13.64  4.49  1.10  71.78  0.06  8.75  0.00  0.00     1
1    1.51761  13.89  3.60  1.36  72.73  0.48  7.83  0.00  0.00     1
2    1.51618  13.53  3.55  1.54  72.99  0.39  7.78  0.00  0.00     1
3    1.51766  13.21  3.69  1.29  72.61  0.57  8.22  0.00  0.00     1
4    1.51742  13.27  3.62  1.24  73.08  0.55  8.07  0.00  0.00     1
5    1.51596  12.79  3.61  1.62  72.97  0.64  8.07  0.00  0.26     1
6    1.51743  13.30  3.60  1.14  73.09  0.58  8.17  0.00  0.00     1
7    1.51756  13.15  3.61  1.05  73.24  0.57  8.24  0.00  0.00     1
8    1.51918  14.04  3.58  1.37  72.08  0.56  8.30  0.00  0.00     1
9    1.51755  13.00  3.60  1.36  72.99  0.57  8.40  0.00  0.11     1
10   1.51571  12.72  3.46  1.56  73.20  0.67  8.09  0.00  0.24     1
11   1.51763  12.80  3.66  1.27  73.01  0.60  8.56  0.00  0.00     1
12   1.51589  12.88  3.43  1.40  73.28  0.69  8.05  0.00  0.24     1
13   1.51748  12.86  3.56  1.27  73.21  0.54  8.38  0.00  0.17     1
14   1.51763  12.61  3.59  1.31  73.29  0.58  8.50  0.00  0.00     1
15   1.51761  12.81  3.54  1.23  73.24  0.58  8.39  0.00  0.00     1
16   1.51784  12.68  3.67  1.16  73.11  0.61  8.70  0.00  0.00     1
17   1.52196  14.36  3.85  0.89  71.36  0.15  9.15  0.00  0.00     1
18   1.51911  13.90  3.73  1.18  72.12  0.06  8.89  0.00  0.00     1
19   1.51735  13.02  3.54  1.69  72.73  0.54  8.44  0.00  0.07     1
20   1.51750  12.82  3.55  1.49  72.75  0.54  8.52  0.00  0.19     1
21   1.51966  14.77  3.75  0.29  72.02  0.03  9.00  0.00  0.00     1
22   1.51736  12.78  3.62  1.29  72.79  0.59  8.70  0.00  0.00     1
23   1.51751  12.81  3.57  1.35  73.02  0.62  8.59  0.00  0.00     1
24   1.51720  13.38  3.50  1.15  72.85  0.50  8.43  0.00  0.00     1
25   1.51764  12.98  3.54  1.21  73.00  0.65  8.53  0.00  0.00     1
26   1.51793  13.21  3.48  1.41  72.64  0.59  8.43  0.00  0.00     1
27   1.51721  12.87  3.48  1.33  73.04  0.56  8.43  0.00  0.00     1
28   1.51768  12.56  3.52  1.43  73.15  0.57  8.54  0.00  0.00     1
29   1.51784  13.08  3.49  1.28  72.86  0.60  8.49  0.00  0.00     1
..       ...    ...   ...   ...    ...   ...   ...   ...   ...   ...
184  1.51115  17.38  0.00  0.34  75.41  0.00  6.65  0.00  0.00     6
185  1.51131  13.69  3.20  1.81  72.81  1.76  5.43  1.19  0.00     7
186  1.51838  14.32  3.26  2.22  71.25  1.46  5.79  1.63  0.00     7
187  1.52315  13.44  3.34  1.23  72.38  0.60  8.83  0.00  0.00     7
188  1.52247  14.86  2.20  2.06  70.26  0.76  9.76  0.00  0.00     7
189  1.52365  15.79  1.83  1.31  70.43  0.31  8.61  1.68  0.00     7
190  1.51613  13.88  1.78  1.79  73.10  0.00  8.67  0.76  0.00     7
191  1.51602  14.85  0.00  2.38  73.28  0.00  8.76  0.64  0.09     7
192  1.51623  14.20  0.00  2.79  73.46  0.04  9.04  0.40  0.09     7
193  1.51719  14.75  0.00  2.00  73.02  0.00  8.53  1.59  0.08     7
194  1.51683  14.56  0.00  1.98  73.29  0.00  8.52  1.57  0.07     7
195  1.51545  14.14  0.00  2.68  73.39  0.08  9.07  0.61  0.05     7
196  1.51556  13.87  0.00  2.54  73.23  0.14  9.41  0.81  0.01     7
197  1.51727  14.70  0.00  2.34  73.28  0.00  8.95  0.66  0.00     7
198  1.51531  14.38  0.00  2.66  73.10  0.04  9.08  0.64  0.00     7
199  1.51609  15.01  0.00  2.51  73.05  0.05  8.83  0.53  0.00     7
200  1.51508  15.15  0.00  2.25  73.50  0.00  8.34  0.63  0.00     7
201  1.51653  11.95  0.00  1.19  75.18  2.70  8.93  0.00  0.00     7
202  1.51514  14.85  0.00  2.42  73.72  0.00  8.39  0.56  0.00     7
203  1.51658  14.80  0.00  1.99  73.11  0.00  8.28  1.71  0.00     7
204  1.51617  14.95  0.00  2.27  73.30  0.00  8.71  0.67  0.00     7
205  1.51732  14.95  0.00  1.80  72.99  0.00  8.61  1.55  0.00     7
206  1.51645  14.94  0.00  1.87  73.11  0.00  8.67  1.38  0.00     7
207  1.51831  14.39  0.00  1.82  72.86  1.41  6.47  2.88  0.00     7
208  1.51640  14.37  0.00  2.74  72.85  0.00  9.45  0.54  0.00     7
209  1.51623  14.14  0.00  2.88  72.61  0.08  9.18  1.06  0.00     7
210  1.51685  14.92  0.00  1.99  73.06  0.00  8.40  1.59  0.00     7
211  1.52065  14.36  0.00  2.02  73.42  0.00  8.44  1.64  0.00     7
212  1.51651  14.38  0.00  1.94  73.61  0.00  8.48  1.57  0.00     7
213  1.51711  14.23  0.00  2.08  73.36  0.00  8.62  1.67  0.00     7

[214 rows x 10 columns]
>>> df.info()
<class 'pandas.core.frame.DataFrame'>
RangeIndex: 214 entries, 0 to 213
Data columns (total 10 columns):
RI      214 non-null float64
Na      214 non-null float64
Mg      214 non-null float64
Al      214 non-null float64
Si      214 non-null float64
K       214 non-null float64
Ca      214 non-null float64
Ba      214 non-null float64
Fe      214 non-null float64
Type    214 non-null int64
dtypes: float64(9), int64(1)
memory usage: 16.8 KB
>>> df.describe()
               RI          Na          Mg          Al          Si           K  \
count  214.000000  214.000000  214.000000  214.000000  214.000000  214.000000   
mean     1.518365   13.407850    2.684533    1.444907   72.650935    0.497056   
std      0.003037    0.816604    1.442408    0.499270    0.774546    0.652192   
min      1.511150   10.730000    0.000000    0.290000   69.810000    0.000000   
25%      1.516523   12.907500    2.115000    1.190000   72.280000    0.122500   
50%      1.517680   13.300000    3.480000    1.360000   72.790000    0.555000   
75%      1.519157   13.825000    3.600000    1.630000   73.087500    0.610000   
max      1.533930   17.380000    4.490000    3.500000   75.410000    6.210000   

               Ca          Ba          Fe        Type  
count  214.000000  214.000000  214.000000  214.000000  
mean     8.956963    0.175047    0.057009    2.780374  
std      1.423153    0.497219    0.097439    2.103739  
min      5.430000    0.000000    0.000000    1.000000  
25%      8.240000    0.000000    0.000000    1.000000  
50%      8.600000    0.000000    0.000000    2.000000  
75%      9.172500    0.000000    0.100000    3.000000  
max     16.190000    3.150000    0.510000    7.000000  
>>> df.head()
        RI     Na    Mg    Al     Si     K    Ca   Ba   Fe  Type
0  1.52101  13.64  4.49  1.10  71.78  0.06  8.75  0.0  0.0     1
1  1.51761  13.89  3.60  1.36  72.73  0.48  7.83  0.0  0.0     1
2  1.51618  13.53  3.55  1.54  72.99  0.39  7.78  0.0  0.0     1
3  1.51766  13.21  3.69  1.29  72.61  0.57  8.22  0.0  0.0     1
4  1.51742  13.27  3.62  1.24  73.08  0.55  8.07  0.0  0.0     1
>>> from sklearn import preprocessing
>>> import numpy as np
>>> getBa= df["Ba"][0]
>>> getBa
0.0
>>> getBa= df["Ba"]
>>> getBa
0      0.00
1      0.00
2      0.00
3      0.00
4      0.00
5      0.00
6      0.00
7      0.00
8      0.00
9      0.00
10     0.00
11     0.00
12     0.00
13     0.00
14     0.00
15     0.00
16     0.00
17     0.00
18     0.00
19     0.00
20     0.00
21     0.00
22     0.00
23     0.00
24     0.00
25     0.00
26     0.00
27     0.00
28     0.00
29     0.00
       ... 
184    0.00
185    1.19
186    1.63
187    0.00
188    0.00
189    1.68
190    0.76
191    0.64
192    0.40
193    1.59
194    1.57
195    0.61
196    0.81
197    0.66
198    0.64
199    0.53
200    0.63
201    0.00
202    0.56
203    1.71
204    0.67
205    1.55
206    1.38
207    2.88
208    0.54
209    1.06
210    1.59
211    1.64
212    1.57
213    1.67
Name: Ba, dtype: float64
>>> ba_scaled=preprocessing.scale(getBa)
>>> ba_scaled
array([-0.35287683, -0.35287683, -0.35287683, -0.35287683, -0.35287683,
       -0.35287683, -0.35287683, -0.35287683, -0.35287683, -0.35287683,
       -0.35287683, -0.35287683, -0.35287683, -0.35287683, -0.35287683,
       -0.35287683, -0.35287683, -0.35287683, -0.35287683, -0.35287683,
       -0.35287683, -0.35287683, -0.35287683, -0.35287683, -0.35287683,
       -0.35287683, -0.35287683, -0.35287683, -0.35287683, -0.35287683,
       -0.35287683, -0.35287683, -0.17144576, -0.35287683, -0.35287683,
       -0.35287683, -0.13112775, -0.35287683, -0.35287683, -0.35287683,
       -0.35287683, -0.35287683, -0.35287683, -0.35287683, -0.35287683,
       -0.35287683, -0.35287683, -0.35287683, -0.35287683, -0.35287683,
       -0.35287683, -0.35287683, -0.35287683, -0.35287683, -0.35287683,
       -0.35287683, -0.35287683, -0.35287683, -0.35287683, -0.35287683,
       -0.35287683,  1.03809467, -0.35287683, -0.35287683, -0.35287683,
       -0.35287683, -0.35287683, -0.35287683, -0.35287683, -0.35287683,
       -0.35287683, -0.35287683, -0.35287683, -0.35287683, -0.35287683,
       -0.35287683, -0.35287683, -0.35287683, -0.35287683, -0.35287683,
       -0.35287683, -0.35287683, -0.35287683, -0.35287683, -0.35287683,
       -0.35287683, -0.35287683, -0.35287683, -0.35287683, -0.35287683,
       -0.35287683, -0.35287683, -0.35287683, -0.35287683, -0.35287683,
       -0.35287683, -0.35287683, -0.35287683, -0.35287683, -0.07065073,
       -0.13112775, -0.35287683, -0.35287683, -0.35287683, -0.35287683,
       -0.35287683,  5.99721046, -0.35287683, -0.35287683, -0.35287683,
       -0.35287683, -0.35287683, -0.35287683, -0.35287683, -0.35287683,
       -0.35287683, -0.35287683, -0.35287683, -0.35287683, -0.35287683,
       -0.35287683, -0.35287683, -0.35287683, -0.35287683, -0.35287683,
       -0.35287683, -0.35287683, -0.35287683,  0.19141637, -0.35287683,
       -0.35287683, -0.35287683, -0.35287683, -0.35287683, -0.35287683,
       -0.35287683, -0.35287683, -0.35287683, -0.35287683, -0.35287683,
       -0.35287683, -0.17144576, -0.23192278, -0.35287683, -0.35287683,
       -0.35287683, -0.35287683, -0.35287683, -0.35287683, -0.35287683,
       -0.35287683, -0.35287683, -0.35287683, -0.35287683, -0.35287683,
       -0.35287683, -0.35287683, -0.35287683, -0.35287683, -0.35287683,
       -0.35287683, -0.05049172, -0.35287683,  4.08210477, -0.35287683,
       -0.35287683, -0.35287683, -0.35287683, -0.35287683, -0.35287683,
       -0.35287683, -0.35287683, -0.35287683, -0.35287683,  0.13093935,
       -0.35287683, -0.35287683, -0.35287683, -0.35287683, -0.35287683,
       -0.35287683, -0.35287683, -0.35287683, -0.35287683, -0.35287683,
        2.04604504,  2.93304136, -0.35287683, -0.35287683,  3.03383639,
        1.17920772,  0.93729964,  0.45348346,  2.85240533,  2.81208731,
        0.87682262,  1.28000276,  0.97761765,  0.93729964,  0.71555056,
        0.91714063, -0.35287683,  0.77602758,  3.09431342,  0.99777666,
        2.7717693 ,  2.42906618,  5.45291727,  0.73570956,  1.78397794,
        2.85240533,  2.95320036,  2.81208731,  3.01367739])
>>> getBa= df["Ba"]
>>> ba_scaled=preprocessing.scale(getBa)
>>> ba_scaled=preprocessing.scale(df)
>>> df=ba_scaled
>>> df.describe
Traceback (most recent call last):
  File "<stdin>", line 1, in <module>
AttributeError: 'numpy.ndarray' object has no attribute 'describe'
>>> df.describe()
Traceback (most recent call last):
  File "<stdin>", line 1, in <module>
AttributeError: 'numpy.ndarray' object has no attribute 'describe'
>>> df.describe()
Traceback (most recent call last):
  File "<stdin>", line 1, in <module>
AttributeError: 'numpy.ndarray' object has no attribute 'describe'
>>> ba_scaled
array([[ 0.87286765,  0.28495326,  1.25463857, ..., -0.35287683,
        -0.5864509 , -0.84827468],
       [-0.24933347,  0.59181718,  0.63616803, ..., -0.35287683,
        -0.5864509 , -0.84827468],
       [-0.72131806,  0.14993314,  0.60142249, ..., -0.35287683,
        -0.5864509 , -0.84827468],
       ..., 
       [ 0.75404635,  1.16872135, -1.86551055, ...,  2.95320036,
        -0.5864509 ,  2.01047778],
       [-0.61239854,  1.19327046, -1.86551055, ...,  2.81208731,
        -0.5864509 ,  2.01047778],
       [-0.41436305,  1.00915211, -1.86551055, ...,  3.01367739,
        -0.5864509 ,  2.01047778]])
>>> 
>>> ba_scaled.describe()
Traceback (most recent call last):
  File "<stdin>", line 1, in <module>
AttributeError: 'numpy.ndarray' object has no attribute 'describe'
>>> from sklearn import preprocessing
>>> import numpy as np
>>> df = pd.read_csv('glass.csv')
>>> df.describe()
               RI          Na          Mg          Al          Si           K  \
count  214.000000  214.000000  214.000000  214.000000  214.000000  214.000000   
mean     1.518365   13.407850    2.684533    1.444907   72.650935    0.497056   
std      0.003037    0.816604    1.442408    0.499270    0.774546    0.652192   
min      1.511150   10.730000    0.000000    0.290000   69.810000    0.000000   
25%      1.516523   12.907500    2.115000    1.190000   72.280000    0.122500   
50%      1.517680   13.300000    3.480000    1.360000   72.790000    0.555000   
75%      1.519157   13.825000    3.600000    1.630000   73.087500    0.610000   
max      1.533930   17.380000    4.490000    3.500000   75.410000    6.210000   

               Ca          Ba          Fe        Type  
count  214.000000  214.000000  214.000000  214.000000  
mean     8.956963    0.175047    0.057009    2.780374  
std      1.423153    0.497219    0.097439    2.103739  
min      5.430000    0.000000    0.000000    1.000000  
25%      8.240000    0.000000    0.000000    1.000000  
50%      8.600000    0.000000    0.000000    2.000000  
75%      9.172500    0.000000    0.100000    3.000000  
max     16.190000    3.150000    0.510000    7.000000  
>>> df.head()
        RI     Na    Mg    Al     Si     K    Ca   Ba   Fe  Type
0  1.52101  13.64  4.49  1.10  71.78  0.06  8.75  0.0  0.0     1
1  1.51761  13.89  3.60  1.36  72.73  0.48  7.83  0.0  0.0     1
2  1.51618  13.53  3.55  1.54  72.99  0.39  7.78  0.0  0.0     1
3  1.51766  13.21  3.69  1.29  72.61  0.57  8.22  0.0  0.0     1
4  1.51742  13.27  3.62  1.24  73.08  0.55  8.07  0.0  0.0     1
>>> df.normalise()
Traceback (most recent call last):
  File "<stdin>", line 1, in <module>
  File "/usr/local/lib/python3.6/site-packages/pandas/core/generic.py", line 2744, in __getattr__
    return object.__getattribute__(self, name)
AttributeError: 'DataFrame' object has no attribute 'normalise'
>>> df.normalise
Traceback (most recent call last):
  File "<stdin>", line 1, in <module>
  File "/usr/local/lib/python3.6/site-packages/pandas/core/generic.py", line 2744, in __getattr__
    return object.__getattribute__(self, name)
AttributeError: 'DataFrame' object has no attribute 'normalise'
>>> from sklearn.svm import SVR
>>> model = SVR(kernel="linear")
>>> selector = RFE(model,5)
Traceback (most recent call last):
  File "<stdin>", line 1, in <module>
NameError: name 'RFE' is not defined
>>> from sklearn.feature_selection import RFE
>>> from sklearn.svm
  File "<stdin>", line 1
    from sklearn.svm
                   ^
SyntaxError: invalid syntax
>>> from sklearn.svm import SVR
>>> model= SVR)kernel="linear")
  File "<stdin>", line 1
    model= SVR)kernel="linear")
              ^
SyntaxError: invalid syntax
>>> model= SVR(kernel="linear")
>>> selector = RFE(model,5)
>>> selector.fit(df.data,df.target)
Traceback (most recent call last):
  File "<stdin>", line 1, in <module>
  File "/usr/local/lib/python3.6/site-packages/pandas/core/generic.py", line 2744, in __getattr__
    return object.__getattribute__(self, name)
AttributeError: 'DataFrame' object has no attribute 'data'
>>> target =df["Type"]
>>> target
0      1
1      1
2      1
3      1
4      1
5      1
6      1
7      1
8      1
9      1
10     1
11     1
12     1
13     1
14     1
15     1
16     1
17     1
18     1
19     1
20     1
21     1
22     1
23     1
24     1
25     1
26     1
27     1
28     1
29     1
      ..
184    6
185    7
186    7
187    7
188    7
189    7
190    7
191    7
192    7
193    7
194    7
195    7
196    7
197    7
198    7
199    7
200    7
201    7
202    7
203    7
204    7
205    7
206    7
207    7
208    7
209    7
210    7
211    7
212    7
213    7
Name: Type, dtype: int64
>>> df.drop("Type",1)
          RI     Na    Mg    Al     Si     K    Ca    Ba    Fe
0    1.52101  13.64  4.49  1.10  71.78  0.06  8.75  0.00  0.00
1    1.51761  13.89  3.60  1.36  72.73  0.48  7.83  0.00  0.00
2    1.51618  13.53  3.55  1.54  72.99  0.39  7.78  0.00  0.00
3    1.51766  13.21  3.69  1.29  72.61  0.57  8.22  0.00  0.00
4    1.51742  13.27  3.62  1.24  73.08  0.55  8.07  0.00  0.00
5    1.51596  12.79  3.61  1.62  72.97  0.64  8.07  0.00  0.26
6    1.51743  13.30  3.60  1.14  73.09  0.58  8.17  0.00  0.00
7    1.51756  13.15  3.61  1.05  73.24  0.57  8.24  0.00  0.00
8    1.51918  14.04  3.58  1.37  72.08  0.56  8.30  0.00  0.00
9    1.51755  13.00  3.60  1.36  72.99  0.57  8.40  0.00  0.11
10   1.51571  12.72  3.46  1.56  73.20  0.67  8.09  0.00  0.24
11   1.51763  12.80  3.66  1.27  73.01  0.60  8.56  0.00  0.00
12   1.51589  12.88  3.43  1.40  73.28  0.69  8.05  0.00  0.24
13   1.51748  12.86  3.56  1.27  73.21  0.54  8.38  0.00  0.17
14   1.51763  12.61  3.59  1.31  73.29  0.58  8.50  0.00  0.00
15   1.51761  12.81  3.54  1.23  73.24  0.58  8.39  0.00  0.00
16   1.51784  12.68  3.67  1.16  73.11  0.61  8.70  0.00  0.00
17   1.52196  14.36  3.85  0.89  71.36  0.15  9.15  0.00  0.00
18   1.51911  13.90  3.73  1.18  72.12  0.06  8.89  0.00  0.00
19   1.51735  13.02  3.54  1.69  72.73  0.54  8.44  0.00  0.07
20   1.51750  12.82  3.55  1.49  72.75  0.54  8.52  0.00  0.19
21   1.51966  14.77  3.75  0.29  72.02  0.03  9.00  0.00  0.00
22   1.51736  12.78  3.62  1.29  72.79  0.59  8.70  0.00  0.00
23   1.51751  12.81  3.57  1.35  73.02  0.62  8.59  0.00  0.00
24   1.51720  13.38  3.50  1.15  72.85  0.50  8.43  0.00  0.00
25   1.51764  12.98  3.54  1.21  73.00  0.65  8.53  0.00  0.00
26   1.51793  13.21  3.48  1.41  72.64  0.59  8.43  0.00  0.00
27   1.51721  12.87  3.48  1.33  73.04  0.56  8.43  0.00  0.00
28   1.51768  12.56  3.52  1.43  73.15  0.57  8.54  0.00  0.00
29   1.51784  13.08  3.49  1.28  72.86  0.60  8.49  0.00  0.00
..       ...    ...   ...   ...    ...   ...   ...   ...   ...
184  1.51115  17.38  0.00  0.34  75.41  0.00  6.65  0.00  0.00
185  1.51131  13.69  3.20  1.81  72.81  1.76  5.43  1.19  0.00
186  1.51838  14.32  3.26  2.22  71.25  1.46  5.79  1.63  0.00
187  1.52315  13.44  3.34  1.23  72.38  0.60  8.83  0.00  0.00
188  1.52247  14.86  2.20  2.06  70.26  0.76  9.76  0.00  0.00
189  1.52365  15.79  1.83  1.31  70.43  0.31  8.61  1.68  0.00
190  1.51613  13.88  1.78  1.79  73.10  0.00  8.67  0.76  0.00
191  1.51602  14.85  0.00  2.38  73.28  0.00  8.76  0.64  0.09
192  1.51623  14.20  0.00  2.79  73.46  0.04  9.04  0.40  0.09
193  1.51719  14.75  0.00  2.00  73.02  0.00  8.53  1.59  0.08
194  1.51683  14.56  0.00  1.98  73.29  0.00  8.52  1.57  0.07
195  1.51545  14.14  0.00  2.68  73.39  0.08  9.07  0.61  0.05
196  1.51556  13.87  0.00  2.54  73.23  0.14  9.41  0.81  0.01
197  1.51727  14.70  0.00  2.34  73.28  0.00  8.95  0.66  0.00
198  1.51531  14.38  0.00  2.66  73.10  0.04  9.08  0.64  0.00
199  1.51609  15.01  0.00  2.51  73.05  0.05  8.83  0.53  0.00
200  1.51508  15.15  0.00  2.25  73.50  0.00  8.34  0.63  0.00
201  1.51653  11.95  0.00  1.19  75.18  2.70  8.93  0.00  0.00
202  1.51514  14.85  0.00  2.42  73.72  0.00  8.39  0.56  0.00
203  1.51658  14.80  0.00  1.99  73.11  0.00  8.28  1.71  0.00
204  1.51617  14.95  0.00  2.27  73.30  0.00  8.71  0.67  0.00
205  1.51732  14.95  0.00  1.80  72.99  0.00  8.61  1.55  0.00
206  1.51645  14.94  0.00  1.87  73.11  0.00  8.67  1.38  0.00
207  1.51831  14.39  0.00  1.82  72.86  1.41  6.47  2.88  0.00
208  1.51640  14.37  0.00  2.74  72.85  0.00  9.45  0.54  0.00
209  1.51623  14.14  0.00  2.88  72.61  0.08  9.18  1.06  0.00
210  1.51685  14.92  0.00  1.99  73.06  0.00  8.40  1.59  0.00
211  1.52065  14.36  0.00  2.02  73.42  0.00  8.44  1.64  0.00
212  1.51651  14.38  0.00  1.94  73.61  0.00  8.48  1.57  0.00
213  1.51711  14.23  0.00  2.08  73.36  0.00  8.62  1.67  0.00

[214 rows x 9 columns]
>>> selector.fit(df1.df,df1.target);
Traceback (most recent call last):
  File "<stdin>", line 1, in <module>
NameError: name 'df1' is not defined
>>> df1 = pd.read_csv('glass.csv')
>>> df1.head()
        RI     Na    Mg    Al     Si     K    Ca   Ba   Fe  Type
0  1.52101  13.64  4.49  1.10  71.78  0.06  8.75  0.0  0.0     1
1  1.51761  13.89  3.60  1.36  72.73  0.48  7.83  0.0  0.0     1
2  1.51618  13.53  3.55  1.54  72.99  0.39  7.78  0.0  0.0     1
3  1.51766  13.21  3.69  1.29  72.61  0.57  8.22  0.0  0.0     1
4  1.51742  13.27  3.62  1.24  73.08  0.55  8.07  0.0  0.0     1
>>> selector.fit(df1.df,df1.target);
Traceback (most recent call last):
  File "<stdin>", line 1, in <module>
  File "/usr/local/lib/python3.6/site-packages/pandas/core/generic.py", line 2744, in __getattr__
    return object.__getattribute__(self, name)
AttributeError: 'DataFrame' object has no attribute 'df'
>>> selector.fit(df.data,target.target)
Traceback (most recent call last):
  File "<stdin>", line 1, in <module>
  File "/usr/local/lib/python3.6/site-packages/pandas/core/generic.py", line 2744, in __getattr__
    return object.__getattribute__(self, name)
AttributeError: 'DataFrame' object has no attribute 'data'
>>> target1=target
>>> target1
0      1
1      1
2      1
3      1
4      1
5      1
6      1
7      1
8      1
9      1
10     1
11     1
12     1
13     1
14     1
15     1
16     1
17     1
18     1
19     1
20     1
21     1
22     1
23     1
24     1
25     1
26     1
27     1
28     1
29     1
      ..
184    6
185    7
186    7
187    7
188    7
189    7
190    7
191    7
192    7
193    7
194    7
195    7
196    7
197    7
198    7
199    7
200    7
201    7
202    7
203    7
204    7
205    7
206    7
207    7
208    7
209    7
210    7
211    7
212    7
213    7
Name: Type, dtype: int64
>>> selector.fit(df.data,target1.target)
Traceback (most recent call last):
  File "<stdin>", line 1, in <module>
  File "/usr/local/lib/python3.6/site-packages/pandas/core/generic.py", line 2744, in __getattr__
    return object.__getattribute__(self, name)
AttributeError: 'DataFrame' object has no attribute 'data'
>>> selector.fit(df,target)
RFE(estimator=SVR(C=1.0, cache_size=200, coef0=0.0, degree=3, epsilon=0.1, gamma='auto',
  kernel='linear', max_iter=-1, shrinking=True, tol=0.001, verbose=False),
  n_features_to_select=5, step=1, verbose=0)
>>> selector.support_
array([ True, False, False,  True, False,  True, False,  True, False,  True], dtype=bool)
>>> selector = RFE(model,4,step=1)
>>> selector= RFE(model,4)
>>> selector.ranking_
Traceback (most recent call last):
  File "<stdin>", line 1, in <module>
AttributeError: 'RFE' object has no attribute 'ranking_'
>>> from sklearn import metrics
>>> df1.columns
Index(['RI', 'Na', 'Mg', 'Al', 'Si', 'K', 'Ca', 'Ba', 'Fe', 'Type'], dtype='object')
>>> list(df1)
['RI', 'Na', 'Mg', 'Al', 'Si', 'K', 'Ca', 'Ba', 'Fe', 'Type']
>>> df1
          RI     Na    Mg    Al     Si     K    Ca    Ba    Fe  Type
0    1.52101  13.64  4.49  1.10  71.78  0.06  8.75  0.00  0.00     1
1    1.51761  13.89  3.60  1.36  72.73  0.48  7.83  0.00  0.00     1
2    1.51618  13.53  3.55  1.54  72.99  0.39  7.78  0.00  0.00     1
3    1.51766  13.21  3.69  1.29  72.61  0.57  8.22  0.00  0.00     1
4    1.51742  13.27  3.62  1.24  73.08  0.55  8.07  0.00  0.00     1
5    1.51596  12.79  3.61  1.62  72.97  0.64  8.07  0.00  0.26     1
6    1.51743  13.30  3.60  1.14  73.09  0.58  8.17  0.00  0.00     1
7    1.51756  13.15  3.61  1.05  73.24  0.57  8.24  0.00  0.00     1
8    1.51918  14.04  3.58  1.37  72.08  0.56  8.30  0.00  0.00     1
9    1.51755  13.00  3.60  1.36  72.99  0.57  8.40  0.00  0.11     1
10   1.51571  12.72  3.46  1.56  73.20  0.67  8.09  0.00  0.24     1
11   1.51763  12.80  3.66  1.27  73.01  0.60  8.56  0.00  0.00     1
12   1.51589  12.88  3.43  1.40  73.28  0.69  8.05  0.00  0.24     1
13   1.51748  12.86  3.56  1.27  73.21  0.54  8.38  0.00  0.17     1
14   1.51763  12.61  3.59  1.31  73.29  0.58  8.50  0.00  0.00     1
15   1.51761  12.81  3.54  1.23  73.24  0.58  8.39  0.00  0.00     1
16   1.51784  12.68  3.67  1.16  73.11  0.61  8.70  0.00  0.00     1
17   1.52196  14.36  3.85  0.89  71.36  0.15  9.15  0.00  0.00     1
18   1.51911  13.90  3.73  1.18  72.12  0.06  8.89  0.00  0.00     1
19   1.51735  13.02  3.54  1.69  72.73  0.54  8.44  0.00  0.07     1
20   1.51750  12.82  3.55  1.49  72.75  0.54  8.52  0.00  0.19     1
21   1.51966  14.77  3.75  0.29  72.02  0.03  9.00  0.00  0.00     1
22   1.51736  12.78  3.62  1.29  72.79  0.59  8.70  0.00  0.00     1
23   1.51751  12.81  3.57  1.35  73.02  0.62  8.59  0.00  0.00     1
24   1.51720  13.38  3.50  1.15  72.85  0.50  8.43  0.00  0.00     1
25   1.51764  12.98  3.54  1.21  73.00  0.65  8.53  0.00  0.00     1
26   1.51793  13.21  3.48  1.41  72.64  0.59  8.43  0.00  0.00     1
27   1.51721  12.87  3.48  1.33  73.04  0.56  8.43  0.00  0.00     1
28   1.51768  12.56  3.52  1.43  73.15  0.57  8.54  0.00  0.00     1
29   1.51784  13.08  3.49  1.28  72.86  0.60  8.49  0.00  0.00     1
..       ...    ...   ...   ...    ...   ...   ...   ...   ...   ...
184  1.51115  17.38  0.00  0.34  75.41  0.00  6.65  0.00  0.00     6
185  1.51131  13.69  3.20  1.81  72.81  1.76  5.43  1.19  0.00     7
186  1.51838  14.32  3.26  2.22  71.25  1.46  5.79  1.63  0.00     7
187  1.52315  13.44  3.34  1.23  72.38  0.60  8.83  0.00  0.00     7
188  1.52247  14.86  2.20  2.06  70.26  0.76  9.76  0.00  0.00     7
189  1.52365  15.79  1.83  1.31  70.43  0.31  8.61  1.68  0.00     7
190  1.51613  13.88  1.78  1.79  73.10  0.00  8.67  0.76  0.00     7
191  1.51602  14.85  0.00  2.38  73.28  0.00  8.76  0.64  0.09     7
192  1.51623  14.20  0.00  2.79  73.46  0.04  9.04  0.40  0.09     7
193  1.51719  14.75  0.00  2.00  73.02  0.00  8.53  1.59  0.08     7
194  1.51683  14.56  0.00  1.98  73.29  0.00  8.52  1.57  0.07     7
195  1.51545  14.14  0.00  2.68  73.39  0.08  9.07  0.61  0.05     7
196  1.51556  13.87  0.00  2.54  73.23  0.14  9.41  0.81  0.01     7
197  1.51727  14.70  0.00  2.34  73.28  0.00  8.95  0.66  0.00     7
198  1.51531  14.38  0.00  2.66  73.10  0.04  9.08  0.64  0.00     7
199  1.51609  15.01  0.00  2.51  73.05  0.05  8.83  0.53  0.00     7
200  1.51508  15.15  0.00  2.25  73.50  0.00  8.34  0.63  0.00     7
201  1.51653  11.95  0.00  1.19  75.18  2.70  8.93  0.00  0.00     7
202  1.51514  14.85  0.00  2.42  73.72  0.00  8.39  0.56  0.00     7
203  1.51658  14.80  0.00  1.99  73.11  0.00  8.28  1.71  0.00     7
204  1.51617  14.95  0.00  2.27  73.30  0.00  8.71  0.67  0.00     7
205  1.51732  14.95  0.00  1.80  72.99  0.00  8.61  1.55  0.00     7
206  1.51645  14.94  0.00  1.87  73.11  0.00  8.67  1.38  0.00     7
207  1.51831  14.39  0.00  1.82  72.86  1.41  6.47  2.88  0.00     7
208  1.51640  14.37  0.00  2.74  72.85  0.00  9.45  0.54  0.00     7
209  1.51623  14.14  0.00  2.88  72.61  0.08  9.18  1.06  0.00     7
210  1.51685  14.92  0.00  1.99  73.06  0.00  8.40  1.59  0.00     7
211  1.52065  14.36  0.00  2.02  73.42  0.00  8.44  1.64  0.00     7
212  1.51651  14.38  0.00  1.94  73.61  0.00  8.48  1.57  0.00     7
213  1.51711  14.23  0.00  2.08  73.36  0.00  8.62  1.67  0.00     7

[214 rows x 10 columns]
>>> selector= RFE(model,4)
>>> selector.ranking_
Traceback (most recent call last):
  File "<stdin>", line 1, in <module>
AttributeError: 'RFE' object has no attribute 'ranking_'
>>> 
>>> 
>>> 
>>> from sklearn.feature_selection import RFE
>>> from sklearn.svm
  File "<stdin>", line 1
    from sklearn.svm
                   ^
SyntaxError: invalid syntax
>>> from sklearn.svm import SVR
>>> model=SVR(kernel="linear")
>>> selector = RFE(model,5)
>>> selector.support_
Traceback (most recent call last):
  File "<stdin>", line 1, in <module>
AttributeError: 'RFE' object has no attribute 'support_'
>>> selector.fit(df,target1)
RFE(estimator=SVR(C=1.0, cache_size=200, coef0=0.0, degree=3, epsilon=0.1, gamma='auto',
  kernel='linear', max_iter=-1, shrinking=True, tol=0.001, verbose=False),
  n_features_to_select=5, step=1, verbose=0)
>>> selector.support_
array([ True, False, False,  True, False,  True, False,  True, False,  True], dtype=bool)
>>> selector= RFE(model,2)
>>> selector.ranking_
Traceback (most recent call last):
  File "<stdin>", line 1, in <module>
AttributeError: 'RFE' object has no attribute 'ranking_'
>>> selector.score
<function RFE.score at 0x10dbe57b8>
>>> selector.score()
Traceback (most recent call last):
  File "<stdin>", line 1, in <module>
  File "/usr/local/lib/python3.6/site-packages/sklearn/utils/metaestimators.py", line 54, in <lambda>
    out = lambda *args, **kwargs: self.fn(obj, *args, **kwargs)
TypeError: score() missing 2 required positional arguments: 'X' and 'y'
>>> df_test=df.iloc[[12]]
>>> target1_data=target1.iloc[[12]]
>>> selector.score(df_test,target1_data)
Traceback (most recent call last):
  File "<stdin>", line 1, in <module>
  File "/usr/local/lib/python3.6/site-packages/sklearn/utils/metaestimators.py", line 54, in <lambda>
    out = lambda *args, **kwargs: self.fn(obj, *args, **kwargs)
  File "/usr/local/lib/python3.6/site-packages/sklearn/feature_selection/rfe.py", line 245, in score
    return self.estimator_.score(self.transform(X), y)
AttributeError: 'RFE' object has no attribute 'estimator_'
>>> import pandas as pd
>>> from sklearn import preprocessing,svm
>>> df = pd.read_mushrooms.csv
Traceback (most recent call last):
  File "<stdin>", line 1, in <module>
AttributeError: module 'pandas' has no attribute 'read_mushrooms'
>>> df = pd.read_mushroom.csv
Traceback (most recent call last):
  File "<stdin>", line 1, in <module>
AttributeError: module 'pandas' has no attribute 'read_mushroom'
>>> df = pd.read_csv("mushrooms.csv")
>>> df
     class cap-shape cap-surface cap-color bruises odor gill-attachment  \
0        p         x           s         n       t    p               f   
1        e         x           s         y       t    a               f   
2        e         b           s         w       t    l               f   
3        p         x           y         w       t    p               f   
4        e         x           s         g       f    n               f   
5        e         x           y         y       t    a               f   
6        e         b           s         w       t    a               f   
7        e         b           y         w       t    l               f   
8        p         x           y         w       t    p               f   
9        e         b           s         y       t    a               f   
10       e         x           y         y       t    l               f   
11       e         x           y         y       t    a               f   
12       e         b           s         y       t    a               f   
13       p         x           y         w       t    p               f   
14       e         x           f         n       f    n               f   
15       e         s           f         g       f    n               f   
16       e         f           f         w       f    n               f   
17       p         x           s         n       t    p               f   
18       p         x           y         w       t    p               f   
19       p         x           s         n       t    p               f   
20       e         b           s         y       t    a               f   
21       p         x           y         n       t    p               f   
22       e         b           y         y       t    l               f   
23       e         b           y         w       t    a               f   
24       e         b           s         w       t    l               f   
25       p         f           s         w       t    p               f   
26       e         x           y         y       t    a               f   
27       e         x           y         w       t    l               f   
28       e         f           f         n       f    n               f   
29       e         x           s         y       t    a               f   
...    ...       ...         ...       ...     ...  ...             ...   
8094     e         b           s         g       f    n               f   
8095     p         x           y         c       f    m               f   
8096     e         k           f         w       f    n               f   
8097     p         k           y         n       f    s               f   
8098     p         k           s         e       f    y               f   
8099     e         k           f         w       f    n               f   
8100     e         f           s         n       f    n               a   
8101     p         k           s         e       f    s               f   
8102     e         x           s         n       f    n               a   
8103     e         k           s         n       f    n               a   
8104     e         k           s         n       f    n               a   
8105     e         k           s         n       f    n               a   
8106     e         k           s         n       f    n               a   
8107     e         x           s         n       f    n               a   
8108     p         k           y         e       f    y               f   
8109     e         b           s         w       f    n               f   
8110     e         x           s         n       f    n               a   
8111     e         k           s         w       f    n               f   
8112     e         k           s         n       f    n               a   
8113     p         k           y         e       f    y               f   
8114     p         f           y         c       f    m               a   
8115     e         x           s         n       f    n               a   
8116     p         k           y         n       f    s               f   
8117     p         k           s         e       f    y               f   
8118     p         k           y         n       f    f               f   
8119     e         k           s         n       f    n               a   
8120     e         x           s         n       f    n               a   
8121     e         f           s         n       f    n               a   
8122     p         k           y         n       f    y               f   
8123     e         x           s         n       f    n               a   

     gill-spacing gill-size gill-color   ...   stalk-surface-below-ring  \
0               c         n          k   ...                          s   
1               c         b          k   ...                          s   
2               c         b          n   ...                          s   
3               c         n          n   ...                          s   
4               w         b          k   ...                          s   
5               c         b          n   ...                          s   
6               c         b          g   ...                          s   
7               c         b          n   ...                          s   
8               c         n          p   ...                          s   
9               c         b          g   ...                          s   
10              c         b          g   ...                          s   
11              c         b          n   ...                          s   
12              c         b          w   ...                          s   
13              c         n          k   ...                          s   
14              w         b          n   ...                          f   
15              c         n          k   ...                          s   
16              w         b          k   ...                          s   
17              c         n          n   ...                          s   
18              c         n          n   ...                          s   
19              c         n          k   ...                          s   
20              c         b          k   ...                          s   
21              c         n          n   ...                          s   
22              c         b          k   ...                          s   
23              c         b          w   ...                          s   
24              c         b          g   ...                          s   
25              c         n          n   ...                          s   
26              c         b          n   ...                          s   
27              c         b          w   ...                          s   
28              c         n          k   ...                          s   
29              w         n          n   ...                          s   
...           ...       ...        ...   ...                        ...   
8094            w         b          g   ...                          s   
8095            c         b          y   ...                          y   
8096            w         b          w   ...                          s   
8097            c         n          b   ...                          k   
8098            c         n          b   ...                          k   
8099            w         b          w   ...                          k   
8100            c         b          o   ...                          s   
8101            c         n          b   ...                          s   
8102            c         b          y   ...                          s   
8103            c         b          y   ...                          s   
8104            c         b          y   ...                          s   
8105            c         b          y   ...                          s   
8106            c         b          o   ...                          s   
8107            c         b          y   ...                          s   
8108            c         n          b   ...                          s   
8109            w         b          w   ...                          s   
8110            c         b          o   ...                          s   
8111            w         b          p   ...                          s   
8112            c         b          o   ...                          s   
8113            c         n          b   ...                          k   
8114            c         b          y   ...                          y   
8115            c         b          y   ...                          s   
8116            c         n          b   ...                          k   
8117            c         n          b   ...                          s   
8118            c         n          b   ...                          s   
8119            c         b          y   ...                          s   
8120            c         b          y   ...                          s   
8121            c         b          n   ...                          s   
8122            c         n          b   ...                          k   
8123            c         b          y   ...                          s   

     stalk-color-above-ring stalk-color-below-ring veil-type veil-color  \
0                         w                      w         p          w   
1                         w                      w         p          w   
2                         w                      w         p          w   
3                         w                      w         p          w   
4                         w                      w         p          w   
5                         w                      w         p          w   
6                         w                      w         p          w   
7                         w                      w         p          w   
8                         w                      w         p          w   
9                         w                      w         p          w   
10                        w                      w         p          w   
11                        w                      w         p          w   
12                        w                      w         p          w   
13                        w                      w         p          w   
14                        w                      w         p          w   
15                        w                      w         p          w   
16                        w                      w         p          w   
17                        w                      w         p          w   
18                        w                      w         p          w   
19                        w                      w         p          w   
20                        w                      w         p          w   
21                        w                      w         p          w   
22                        w                      w         p          w   
23                        w                      w         p          w   
24                        w                      w         p          w   
25                        w                      w         p          w   
26                        w                      w         p          w   
27                        w                      w         p          w   
28                        w                      w         p          w   
29                        w                      w         p          w   
...                     ...                    ...       ...        ...   
8094                      w                      w         p          w   
8095                      c                      c         p          w   
8096                      w                      w         p          w   
8097                      p                      p         p          w   
8098                      w                      p         p          w   
8099                      w                      w         p          w   
8100                      o                      o         p          n   
8101                      p                      w         p          w   
8102                      o                      o         p          n   
8103                      o                      o         p          n   
8104                      o                      o         p          o   
8105                      o                      o         p          n   
8106                      o                      o         p          o   
8107                      o                      o         p          o   
8108                      p                      w         p          w   
8109                      w                      w         p          w   
8110                      o                      o         p          o   
8111                      w                      w         p          w   
8112                      o                      o         p          n   
8113                      p                      p         p          w   
8114                      c                      c         p          w   
8115                      o                      o         p          o   
8116                      p                      w         p          w   
8117                      p                      w         p          w   
8118                      p                      w         p          w   
8119                      o                      o         p          o   
8120                      o                      o         p          n   
8121                      o                      o         p          o   
8122                      w                      w         p          w   
8123                      o                      o         p          o   

     ring-number ring-type spore-print-color population habitat  
0              o         p                 k          s       u  
1              o         p                 n          n       g  
2              o         p                 n          n       m  
3              o         p                 k          s       u  
4              o         e                 n          a       g  
5              o         p                 k          n       g  
6              o         p                 k          n       m  
7              o         p                 n          s       m  
8              o         p                 k          v       g  
9              o         p                 k          s       m  
10             o         p                 n          n       g  
11             o         p                 k          s       m  
12             o         p                 n          s       g  
13             o         p                 n          v       u  
14             o         e                 k          a       g  
15             o         p                 n          y       u  
16             o         e                 n          a       g  
17             o         p                 k          s       g  
18             o         p                 n          s       u  
19             o         p                 n          s       u  
20             o         p                 n          s       m  
21             o         p                 n          v       g  
22             o         p                 n          s       m  
23             o         p                 n          n       m  
24             o         p                 k          s       m  
25             o         p                 n          v       g  
26             o         p                 n          n       m  
27             o         p                 n          n       m  
28             o         p                 k          y       u  
29             o         p                 n          v       d  
...          ...       ...               ...        ...     ...  
8094           t         p                 w          n       g  
8095           n         n                 w          c       d  
8096           t         p                 w          n       g  
8097           o         e                 w          v       l  
8098           o         e                 w          v       d  
8099           t         p                 w          s       g  
8100           o         p                 b          v       l  
8101           o         e                 w          v       p  
8102           o         p                 n          c       l  
8103           o         p                 o          c       l  
8104           o         p                 n          v       l  
8105           o         p                 y          v       l  
8106           o         p                 n          v       l  
8107           o         p                 n          c       l  
8108           o         e                 w          v       l  
8109           t         p                 w          n       g  
8110           o         p                 n          v       l  
8111           t         p                 w          n       g  
8112           o         p                 b          v       l  
8113           o         e                 w          v       d  
8114           n         n                 w          c       d  
8115           o         p                 o          v       l  
8116           o         e                 w          v       l  
8117           o         e                 w          v       d  
8118           o         e                 w          v       d  
8119           o         p                 b          c       l  
8120           o         p                 b          v       l  
8121           o         p                 b          c       l  
8122           o         e                 w          v       l  
8123           o         p                 o          c       l  

[8124 rows x 23 columns]
>>> df.describe()
       class cap-shape cap-surface cap-color bruises  odor gill-attachment  \
count   8124      8124        8124      8124    8124  8124            8124   
unique     2         6           4        10       2     9               2   
top        e         x           y         n       f     n               f   
freq    4208      3656        3244      2284    4748  3528            7914   

       gill-spacing gill-size gill-color   ...   stalk-surface-below-ring  \
count          8124      8124       8124   ...                       8124   
unique            2         2         12   ...                          4   
top               c         b          b   ...                          s   
freq           6812      5612       1728   ...                       4936   

       stalk-color-above-ring stalk-color-below-ring veil-type veil-color  \
count                    8124                   8124      8124       8124   
unique                      9                      9         1          4   
top                         w                      w         p          w   
freq                     4464                   4384      8124       7924   

       ring-number ring-type spore-print-color population habitat  
count         8124      8124              8124       8124    8124  
unique           3         5                 9          6       7  
top              o         p                 w          v       d  
freq          7488      3968              2388       4040    3148  

[4 rows x 23 columns]
>>> con =preprocessing.LabelEncoder()
>>> a=list(df)
>>> a
['class', 'cap-shape', 'cap-surface', 'cap-color', 'bruises', 'odor', 'gill-attachment', 'gill-spacing', 'gill-size', 'gill-color', 'stalk-shape', 'stalk-root', 'stalk-surface-above-ring', 'stalk-surface-below-ring', 'stalk-color-above-ring', 'stalk-color-below-ring', 'veil-type', 'veil-color', 'ring-number', 'ring-type', 'spore-print-color', 'population', 'habitat']
>>> d[c] =con.fit_transform(d[c])
Traceback (most recent call last):
  File "<stdin>", line 1, in <module>
NameError: name 'd' is not defined
>>> df[c]=con.fit_transform(df[c])
Traceback (most recent call last):
  File "<stdin>", line 1, in <module>
NameError: name 'c' is not defined
>>> df = pd.read_csv("mushrooms.csv")
>>> df
     class cap-shape cap-surface cap-color bruises odor gill-attachment  \
0        p         x           s         n       t    p               f   
1        e         x           s         y       t    a               f   
2        e         b           s         w       t    l               f   
3        p         x           y         w       t    p               f   
4        e         x           s         g       f    n               f   
5        e         x           y         y       t    a               f   
6        e         b           s         w       t    a               f   
7        e         b           y         w       t    l               f   
8        p         x           y         w       t    p               f   
9        e         b           s         y       t    a               f   
10       e         x           y         y       t    l               f   
11       e         x           y         y       t    a               f   
12       e         b           s         y       t    a               f   
13       p         x           y         w       t    p               f   
14       e         x           f         n       f    n               f   
15       e         s           f         g       f    n               f   
16       e         f           f         w       f    n               f   
17       p         x           s         n       t    p               f   
18       p         x           y         w       t    p               f   
19       p         x           s         n       t    p               f   
20       e         b           s         y       t    a               f   
21       p         x           y         n       t    p               f   
22       e         b           y         y       t    l               f   
23       e         b           y         w       t    a               f   
24       e         b           s         w       t    l               f   
25       p         f           s         w       t    p               f   
26       e         x           y         y       t    a               f   
27       e         x           y         w       t    l               f   
28       e         f           f         n       f    n               f   
29       e         x           s         y       t    a               f   
...    ...       ...         ...       ...     ...  ...             ...   
8094     e         b           s         g       f    n               f   
8095     p         x           y         c       f    m               f   
8096     e         k           f         w       f    n               f   
8097     p         k           y         n       f    s               f   
8098     p         k           s         e       f    y               f   
8099     e         k           f         w       f    n               f   
8100     e         f           s         n       f    n               a   
8101     p         k           s         e       f    s               f   
8102     e         x           s         n       f    n               a   
8103     e         k           s         n       f    n               a   
8104     e         k           s         n       f    n               a   
8105     e         k           s         n       f    n               a   
8106     e         k           s         n       f    n               a   
8107     e         x           s         n       f    n               a   
8108     p         k           y         e       f    y               f   
8109     e         b           s         w       f    n               f   
8110     e         x           s         n       f    n               a   
8111     e         k           s         w       f    n               f   
8112     e         k           s         n       f    n               a   
8113     p         k           y         e       f    y               f   
8114     p         f           y         c       f    m               a   
8115     e         x           s         n       f    n               a   
8116     p         k           y         n       f    s               f   
8117     p         k           s         e       f    y               f   
8118     p         k           y         n       f    f               f   
8119     e         k           s         n       f    n               a   
8120     e         x           s         n       f    n               a   
8121     e         f           s         n       f    n               a   
8122     p         k           y         n       f    y               f   
8123     e         x           s         n       f    n               a   

     gill-spacing gill-size gill-color   ...   stalk-surface-below-ring  \
0               c         n          k   ...                          s   
1               c         b          k   ...                          s   
2               c         b          n   ...                          s   
3               c         n          n   ...                          s   
4               w         b          k   ...                          s   
5               c         b          n   ...                          s   
6               c         b          g   ...                          s   
7               c         b          n   ...                          s   
8               c         n          p   ...                          s   
9               c         b          g   ...                          s   
10              c         b          g   ...                          s   
11              c         b          n   ...                          s   
12              c         b          w   ...                          s   
13              c         n          k   ...                          s   
14              w         b          n   ...                          f   
15              c         n          k   ...                          s   
16              w         b          k   ...                          s   
17              c         n          n   ...                          s   
18              c         n          n   ...                          s   
19              c         n          k   ...                          s   
20              c         b          k   ...                          s   
21              c         n          n   ...                          s   
22              c         b          k   ...                          s   
23              c         b          w   ...                          s   
24              c         b          g   ...                          s   
25              c         n          n   ...                          s   
26              c         b          n   ...                          s   
27              c         b          w   ...                          s   
28              c         n          k   ...                          s   
29              w         n          n   ...                          s   
...           ...       ...        ...   ...                        ...   
8094            w         b          g   ...                          s   
8095            c         b          y   ...                          y   
8096            w         b          w   ...                          s   
8097            c         n          b   ...                          k   
8098            c         n          b   ...                          k   
8099            w         b          w   ...                          k   
8100            c         b          o   ...                          s   
8101            c         n          b   ...                          s   
8102            c         b          y   ...                          s   
8103            c         b          y   ...                          s   
8104            c         b          y   ...                          s   
8105            c         b          y   ...                          s   
8106            c         b          o   ...                          s   
8107            c         b          y   ...                          s   
8108            c         n          b   ...                          s   
8109            w         b          w   ...                          s   
8110            c         b          o   ...                          s   
8111            w         b          p   ...                          s   
8112            c         b          o   ...                          s   
8113            c         n          b   ...                          k   
8114            c         b          y   ...                          y   
8115            c         b          y   ...                          s   
8116            c         n          b   ...                          k   
8117            c         n          b   ...                          s   
8118            c         n          b   ...                          s   
8119            c         b          y   ...                          s   
8120            c         b          y   ...                          s   
8121            c         b          n   ...                          s   
8122            c         n          b   ...                          k   
8123            c         b          y   ...                          s   

     stalk-color-above-ring stalk-color-below-ring veil-type veil-color  \
0                         w                      w         p          w   
1                         w                      w         p          w   
2                         w                      w         p          w   
3                         w                      w         p          w   
4                         w                      w         p          w   
5                         w                      w         p          w   
6                         w                      w         p          w   
7                         w                      w         p          w   
8                         w                      w         p          w   
9                         w                      w         p          w   
10                        w                      w         p          w   
11                        w                      w         p          w   
12                        w                      w         p          w   
13                        w                      w         p          w   
14                        w                      w         p          w   
15                        w                      w         p          w   
16                        w                      w         p          w   
17                        w                      w         p          w   
18                        w                      w         p          w   
19                        w                      w         p          w   
20                        w                      w         p          w   
21                        w                      w         p          w   
22                        w                      w         p          w   
23                        w                      w         p          w   
24                        w                      w         p          w   
25                        w                      w         p          w   
26                        w                      w         p          w   
27                        w                      w         p          w   
28                        w                      w         p          w   
29                        w                      w         p          w   
...                     ...                    ...       ...        ...   
8094                      w                      w         p          w   
8095                      c                      c         p          w   
8096                      w                      w         p          w   
8097                      p                      p         p          w   
8098                      w                      p         p          w   
8099                      w                      w         p          w   
8100                      o                      o         p          n   
8101                      p                      w         p          w   
8102                      o                      o         p          n   
8103                      o                      o         p          n   
8104                      o                      o         p          o   
8105                      o                      o         p          n   
8106                      o                      o         p          o   
8107                      o                      o         p          o   
8108                      p                      w         p          w   
8109                      w                      w         p          w   
8110                      o                      o         p          o   
8111                      w                      w         p          w   
8112                      o                      o         p          n   
8113                      p                      p         p          w   
8114                      c                      c         p          w   
8115                      o                      o         p          o   
8116                      p                      w         p          w   
8117                      p                      w         p          w   
8118                      p                      w         p          w   
8119                      o                      o         p          o   
8120                      o                      o         p          n   
8121                      o                      o         p          o   
8122                      w                      w         p          w   
8123                      o                      o         p          o   

     ring-number ring-type spore-print-color population habitat  
0              o         p                 k          s       u  
1              o         p                 n          n       g  
2              o         p                 n          n       m  
3              o         p                 k          s       u  
4              o         e                 n          a       g  
5              o         p                 k          n       g  
6              o         p                 k          n       m  
7              o         p                 n          s       m  
8              o         p                 k          v       g  
9              o         p                 k          s       m  
10             o         p                 n          n       g  
11             o         p                 k          s       m  
12             o         p                 n          s       g  
13             o         p                 n          v       u  
14             o         e                 k          a       g  
15             o         p                 n          y       u  
16             o         e                 n          a       g  
17             o         p                 k          s       g  
18             o         p                 n          s       u  
19             o         p                 n          s       u  
20             o         p                 n          s       m  
21             o         p                 n          v       g  
22             o         p                 n          s       m  
23             o         p                 n          n       m  
24             o         p                 k          s       m  
25             o         p                 n          v       g  
26             o         p                 n          n       m  
27             o         p                 n          n       m  
28             o         p                 k          y       u  
29             o         p                 n          v       d  
...          ...       ...               ...        ...     ...  
8094           t         p                 w          n       g  
8095           n         n                 w          c       d  
8096           t         p                 w          n       g  
8097           o         e                 w          v       l  
8098           o         e                 w          v       d  
8099           t         p                 w          s       g  
8100           o         p                 b          v       l  
8101           o         e                 w          v       p  
8102           o         p                 n          c       l  
8103           o         p                 o          c       l  
8104           o         p                 n          v       l  
8105           o         p                 y          v       l  
8106           o         p                 n          v       l  
8107           o         p                 n          c       l  
8108           o         e                 w          v       l  
8109           t         p                 w          n       g  
8110           o         p                 n          v       l  
8111           t         p                 w          n       g  
8112           o         p                 b          v       l  
8113           o         e                 w          v       d  
8114           n         n                 w          c       d  
8115           o         p                 o          v       l  
8116           o         e                 w          v       l  
8117           o         e                 w          v       d  
8118           o         e                 w          v       d  
8119           o         p                 b          c       l  
8120           o         p                 b          v       l  
8121           o         p                 b          c       l  
8122           o         e                 w          v       l  
8123           o         p                 o          c       l  

[8124 rows x 23 columns]
>>> df.head()
  class cap-shape cap-surface cap-color bruises odor gill-attachment  \
0     p         x           s         n       t    p               f   
1     e         x           s         y       t    a               f   
2     e         b           s         w       t    l               f   
3     p         x           y         w       t    p               f   
4     e         x           s         g       f    n               f   

  gill-spacing gill-size gill-color   ...   stalk-surface-below-ring  \
0            c         n          k   ...                          s   
1            c         b          k   ...                          s   
2            c         b          n   ...                          s   
3            c         n          n   ...                          s   
4            w         b          k   ...                          s   

  stalk-color-above-ring stalk-color-below-ring veil-type veil-color  \
0                      w                      w         p          w   
1                      w                      w         p          w   
2                      w                      w         p          w   
3                      w                      w         p          w   
4                      w                      w         p          w   

  ring-number ring-type spore-print-color population habitat  
0           o         p                 k          s       u  
1           o         p                 n          n       g  
2           o         p                 n          n       m  
3           o         p                 k          s       u  
4           o         e                 n          a       g  

[5 rows x 23 columns]
>>> df.head(1)
  class cap-shape cap-surface cap-color bruises odor gill-attachment  \
0     p         x           s         n       t    p               f   

  gill-spacing gill-size gill-color   ...   stalk-surface-below-ring  \
0            c         n          k   ...                          s   

  stalk-color-above-ring stalk-color-below-ring veil-type veil-color  \
0                      w                      w         p          w   

  ring-number ring-type spore-print-color population habitat  
0           o         p                 k          s       u  

[1 rows x 23 columns]
>>> df.had()
Traceback (most recent call last):
  File "<stdin>", line 1, in <module>
  File "/usr/local/lib/python3.6/site-packages/pandas/core/generic.py", line 2744, in __getattr__
    return object.__getattribute__(self, name)
AttributeError: 'DataFrame' object has no attribute 'had'
>>> df.head()
  class cap-shape cap-surface cap-color bruises odor gill-attachment  \
0     p         x           s         n       t    p               f   
1     e         x           s         y       t    a               f   
2     e         b           s         w       t    l               f   
3     p         x           y         w       t    p               f   
4     e         x           s         g       f    n               f   

  gill-spacing gill-size gill-color   ...   stalk-surface-below-ring  \
0            c         n          k   ...                          s   
1            c         b          k   ...                          s   
2            c         b          n   ...                          s   
3            c         n          n   ...                          s   
4            w         b          k   ...                          s   

  stalk-color-above-ring stalk-color-below-ring veil-type veil-color  \
0                      w                      w         p          w   
1                      w                      w         p          w   
2                      w                      w         p          w   
3                      w                      w         p          w   
4                      w                      w         p          w   

  ring-number ring-type spore-print-color population habitat  
0           o         p                 k          s       u  
1           o         p                 n          n       g  
2           o         p                 n          n       m  
3           o         p                 k          s       u  
4           o         e                 n          a       g  

[5 rows x 23 columns]
>>> df = pd.read_csv("autos.csv")
Traceback (most recent call last):
  File "<stdin>", line 1, in <module>
  File "/usr/local/lib/python3.6/site-packages/pandas/io/parsers.py", line 646, in parser_f
    return _read(filepath_or_buffer, kwds)
  File "/usr/local/lib/python3.6/site-packages/pandas/io/parsers.py", line 401, in _read
    data = parser.read()
  File "/usr/local/lib/python3.6/site-packages/pandas/io/parsers.py", line 939, in read
    ret = self._engine.read(nrows)
  File "/usr/local/lib/python3.6/site-packages/pandas/io/parsers.py", line 1508, in read
    data = self._reader.read(nrows)
  File "pandas/parser.pyx", line 848, in pandas.parser.TextReader.read (pandas/parser.c:10415)
  File "pandas/parser.pyx", line 870, in pandas.parser.TextReader._read_low_memory (pandas/parser.c:10691)
  File "pandas/parser.pyx", line 947, in pandas.parser.TextReader._read_rows (pandas/parser.c:11728)
  File "pandas/parser.pyx", line 1049, in pandas.parser.TextReader._convert_column_data (pandas/parser.c:13162)
  File "pandas/parser.pyx", line 1108, in pandas.parser.TextReader._convert_tokens (pandas/parser.c:14116)
  File "pandas/parser.pyx", line 1206, in pandas.parser.TextReader._convert_with_dtype (pandas/parser.c:16172)
  File "pandas/parser.pyx", line 1222, in pandas.parser.TextReader._string_convert (pandas/parser.c:16400)
  File "pandas/parser.pyx", line 1458, in pandas.parser._string_box_utf8 (pandas/parser.c:22072)
UnicodeDecodeError: 'utf-8' codec can't decode byte 0xdc in position 14: invalid continuation byte
>>> df = pd.read_csv("autos.csv",encoding="cp1252")
>>> df
                dateCrawled  \
0       2016-03-24 11:52:17   
1       2016-03-24 10:58:45   
2       2016-03-14 12:52:21   
3       2016-03-17 16:54:04   
4       2016-03-31 17:25:20   
5       2016-04-04 17:36:23   
6       2016-04-01 20:48:51   
7       2016-03-21 18:54:38   
8       2016-04-04 23:42:13   
9       2016-03-17 10:53:50   
10      2016-03-26 19:54:18   
11      2016-04-07 10:06:22   
12      2016-03-15 22:49:09   
13      2016-03-21 21:37:40   
14      2016-03-21 12:57:01   
15      2016-03-11 21:39:15   
16      2016-04-01 12:46:46   
17      2016-03-20 10:25:19   
18      2016-03-23 15:48:05   
19      2016-04-01 22:55:47   
20      2016-04-01 19:56:48   
21      2016-03-27 11:38:00   
22      2016-03-23 14:52:51   
23      2016-03-12 19:43:07   
24      2016-03-13 20:40:49   
25      2016-03-18 21:44:09   
26      2016-03-10 19:38:18   
27      2016-03-07 12:51:23   
28      2016-03-09 11:56:38   
29      2016-03-08 19:55:19   
...                     ...   
371498  2016-03-11 15:50:38   
371499  2016-03-08 13:52:00   
371500  2016-03-21 23:40:49   
371501  2016-03-26 18:36:54   
371502  2016-04-01 12:59:21   
371503  2016-04-01 01:55:58   
371504  2016-03-07 17:06:35   
371505  2016-04-03 19:56:57   
371506  2016-03-20 18:47:59   
371507  2016-03-16 17:06:19   
371508  2016-04-02 16:43:27   
371509  2016-03-11 23:40:32   
371510  2016-03-06 21:11:23   
371511  2016-03-31 18:50:37   
371512  2016-03-25 18:48:06   
371513  2016-03-21 15:36:22   
371514  2016-04-04 11:45:16   
371515  2016-03-09 11:36:55   
371516  2016-04-04 09:57:12   
371517  2016-03-28 13:48:07   
371518  2016-04-02 20:37:03   
371519  2016-03-09 13:37:43   
371520  2016-03-19 19:53:49   
371521  2016-03-27 20:36:20   
371522  2016-03-21 09:50:58   
371523  2016-03-14 17:48:27   
371524  2016-03-05 19:56:21   
371525  2016-03-19 18:57:12   
371526  2016-03-20 19:41:08   
371527  2016-03-07 19:39:19   

                                                     name  seller offerType  \
0                                              Golf_3_1.6  privat   Angebot   
1                                    A5_Sportback_2.7_Tdi  privat   Angebot   
2                          Jeep_Grand_Cherokee_"Overland"  privat   Angebot   
3                                      GOLF_4_1_4__3TRER  privat   Angebot   
4                          Skoda_Fabia_1.4_TDI_PD_Classic  privat   Angebot   
5       BMW_316i___e36_Limousine___Bastlerfahrzeug__Ex...  privat   Angebot   
6                             Peugeot_206_CC_110_Platinum  privat   Angebot   
7                            VW_Derby_Bj_80__Scheunenfund  privat   Angebot   
8                    Ford_C___Max_Titanium_1_0_L_EcoBoost  privat   Angebot   
9       VW_Golf_4_5_tuerig_zu_verkaufen_mit_Anhaengerk...  privat   Angebot   
10                                      Mazda_3_1.6_Sport  privat   Angebot   
11          Volkswagen_Passat_Variant_2.0_TDI_Comfortline  privat   Angebot   
12                      VW_Passat_Facelift_35i__"7Sitzer"  privat   Angebot   
13                         VW_PASSAT_1.9_TDI_131_PS_LEDER  privat   Angebot   
14      Nissan_Navara_2.5DPF_SE4x4_Klima_Sitzheizg_Blu...  privat   Angebot   
15                           KA_Lufthansa_Edition_450_VB  privat   Angebot   
16                                            Polo_6n_1_4  privat   Angebot   
17                            Renault_Twingo_1.2_16V_Aut.  privat   Angebot   
18                       Ford_C_MAX_2.0_TDCi_DPF_Titanium  privat   Angebot   
19                      Mercedes_Benz_A_160_Classic_Klima  privat   Angebot   
20                      Volkswagen_Scirocco_1.4_TSI_Sport  privat   Angebot   
21      BMW_530i_TV_7/17_Scheckheftgepflegt_sehr_gute...  privat   Angebot   
22                          Opel_Meriva_1.Hand_TV_3.2018  privat   Angebot   
23                                           Stadtflitzer  privat   Angebot   
24                             MERCEDES_200E__TV_04/2016  privat   Angebot   
25                  BMW_530d_touring_Vollausstattung_NAVI  privat   Angebot   
26                              Citroen_C4_Grand_Picasso.  privat   Angebot   
27                         Honda_Civic_1.4_i_VTEC_Comfort  privat   Angebot   
28                                   Volkswagen_T3_andere  privat   Angebot   
29                                         Fiat_Punto_1.2  privat   Angebot   
...                                                   ...     ...       ...   
371498                            Opel_Vectra_Edition_100  privat   Angebot   
371499  OPEL_CORSA_B__ECO_SWING__TV_1/17_8fach_Bereif...  privat   Angebot   
371500  Volkswagen_Golf_1.4_TSI_BlueMotion_Technology_...  privat   Angebot   
371501                                   Chrysler_Voyager  privat   Angebot   
371502                                  Audi_A4_Avant_1.8  privat   Angebot   
371503                                   Subaru_Justy_1.3  privat   Angebot   
371504                                       220_cdi_Benz  privat   Angebot   
371505                   Opel_Astra_1.6_Caravan_Selection  privat   Angebot   
371506  Volkswagen_Golf_1.9_TDI_DPF_Goal_Rentnerfzg._1...  privat   Angebot   
371507  Gepflegter_Audi_a4_2.0tdi_xenon_ahk_klima_sche...  privat   Angebot   
371508                                     Opel_Astra_1.8  privat   Angebot   
371509  LT_35_DIESEL_Gruene_Plakette....letzte_Gelegen...  privat   Angebot   
371510  Mercedes_benz_e_klasse_avangarde_220_cdi_grune...  privat   Angebot   
371511                           Audi_A3_1.8_T_Attraction  privat   Angebot   
371512                 Mercedes_Benz_E_400_CDI_Avantgarde  privat   Angebot   
371513                       Seat_Leon_1.9_TDI_4/5_Tueren  privat   Angebot   
371514                 Renault_1_4_ltr.16_V_Megane_Cabrio  privat   Angebot   
371515                              Skoda_Fabia_Kombi_1.4  privat   Angebot   
371516                                Volkswagen_Lupo_1.0  privat   Angebot   
371517                   Volkswagen_Golf_2.0_TDI_DPF_Team  privat   Angebot   
371518                          Bmw_320_D_DPF_Touring_!!!  privat   Angebot   
371519  Alfa_Romeo_159_Jtdm_1.9_150_ps_13_600_km_top_voll  privat   Angebot   
371520                                       turbo_defekt  privat   Angebot   
371521                 Opel_Zafira_1.6_Elegance_TV_12/16  privat   Angebot   
371522                                    Mitsubishi_Cold  privat   Angebot   
371523                         Suche_t4___vito_ab_6_sitze  privat   Angebot   
371524              Smart_smart_leistungssteigerung_100ps  privat   Angebot   
371525                 Volkswagen_Multivan_T4_TDI_7DC_UY2  privat   Angebot   
371526                             VW_Golf_Kombi_1_9l_TDI  privat   Angebot   
371527       BMW_M135i_vollausgestattet_NP_52.720____Euro  privat   Angebot   

        price   abtest vehicleType  yearOfRegistration    gearbox  powerPS  \
0         480     test         NaN                1993    manuell        0   
1       18300     test       coupe                2011    manuell      190   
2        9800     test         suv                2004  automatik      163   
3        1500     test  kleinwagen                2001    manuell       75   
4        3600     test  kleinwagen                2008    manuell       69   
5         650     test   limousine                1995    manuell      102   
6        2200     test      cabrio                2004    manuell      109   
7           0     test   limousine                1980    manuell       50   
8       14500  control         bus                2014    manuell      125   
9         999     test  kleinwagen                1998    manuell      101   
10       2000  control   limousine                2004    manuell      105   
11       2799  control       kombi                2005    manuell      140   
12        999  control       kombi                1995    manuell      115   
13       2500  control       kombi                2004    manuell      131   
14      17999  control         suv                2011    manuell      190   
15        450     test  kleinwagen                1910        NaN        0   
16        300     test         NaN                2016        NaN       60   
17       1750  control  kleinwagen                2004  automatik       75   
18       7550     test         bus                2007    manuell      136   
19       1850     test         bus                2004    manuell      102   
20      10400  control       coupe                2009    manuell      160   
21       3699     test   limousine                2002  automatik      231   
22       2900     test         NaN                2018    manuell       90   
23        450     test  kleinwagen                1997    manuell       50   
24        500     test   limousine                1990    manuell      118   
25       2500  control       kombi                2002  automatik      193   
26       5555  control         NaN                2017    manuell      125   
27       6900     test   limousine                2008    manuell       99   
28       1990     test         bus                1981    manuell       50   
29        690     test  kleinwagen                2003    manuell       60   
...       ...      ...         ...                 ...        ...      ...   
371498    699  control   limousine                1999    manuell      101   
371499    600  control  kleinwagen                1998    manuell       54   
371500  20400     test   limousine                2014  automatik      150   
371501   3900     test         bus                2003  automatik      174   
371502   1600     test       kombi                1998    manuell      125   
371503   1700  control  kleinwagen                1999    manuell       68   
371504   2600  control         NaN                2005  automatik        0   
371505    800     test       kombi                2000    manuell      101   
371506   5900     test   limousine                2006    manuell      105   
371507   5999     test       kombi                2005    manuell      140   
371508   1400  control   limousine                2001    manuell      125   
371509   1900     test         NaN                2000    manuell      110   
371510   6500     test   limousine                2003  automatik      145   
371511   1999  control   limousine                1997    manuell      150   
371512   5000     test   limousine                2003  automatik      260   
371513   4400  control   limousine                2008    manuell      105   
371514    999  control      cabrio                2000    manuell       95   
371515   1690     test       kombi                2004    manuell       55   
371516   1490  control  kleinwagen                1998    manuell       50   
371517   7900     test   limousine                2010    manuell      140   
371518   3999     test       kombi                2005    manuell        3   
371519   5250  control         NaN                2016  automatik      150   
371520   3200  control   limousine                2004    manuell      225   
371521   1150  control         bus                2000    manuell        0   
371522      0  control         NaN                2005    manuell        0   
371523   2200     test         NaN                2005        NaN        0   
371524   1199     test      cabrio                2000  automatik      101   
371525   9200     test         bus                1996    manuell      102   
371526   3400     test       kombi                2002    manuell      100   
371527  28990  control   limousine                2013    manuell      320   

              model  kilometer  monthOfRegistration fuelType           brand  \
0              golf     150000                    0   benzin      volkswagen   
1               NaN     125000                    5   diesel            audi   
2             grand     125000                    8   diesel            jeep   
3              golf     150000                    6   benzin      volkswagen   
4             fabia      90000                    7   diesel           skoda   
5               3er     150000                   10   benzin             bmw   
6           2_reihe     150000                    8   benzin         peugeot   
7            andere      40000                    7   benzin      volkswagen   
8             c_max      30000                    8   benzin            ford   
9              golf     150000                    0      NaN      volkswagen   
10          3_reihe     150000                   12   benzin           mazda   
11           passat     150000                   12   diesel      volkswagen   
12           passat     150000                   11   benzin      volkswagen   
13           passat     150000                    2      NaN      volkswagen   
14           navara      70000                    3   diesel          nissan   
15               ka       5000                    0   benzin            ford   
16             polo     150000                    0   benzin      volkswagen   
17           twingo     150000                    2   benzin         renault   
18            c_max     150000                    6   diesel            ford   
19         a_klasse     150000                    1   benzin   mercedes_benz   
20         scirocco     100000                    4   benzin      volkswagen   
21              5er     150000                    7   benzin             bmw   
22           meriva     150000                    5   benzin            opel   
23            arosa     150000                    5   benzin            seat   
24           andere     150000                   10   benzin   mercedes_benz   
25              5er     150000                    9   diesel             bmw   
26               c4     125000                    4      NaN         citroen   
27            civic      60000                   11   benzin           honda   
28      transporter       5000                    1   benzin      volkswagen   
29            punto     150000                    3   benzin            fiat   
...             ...        ...                  ...      ...             ...   
371498       vectra     150000                    3   benzin            opel   
371499        corsa     150000                    1   benzin            opel   
371500         golf      30000                    9   benzin      volkswagen   
371501      voyager     150000                    7   benzin        chrysler   
371502           a4     150000                    2   benzin            audi   
371503        justy      70000                   11   benzin          subaru   
371504     c_klasse     150000                    9      NaN   mercedes_benz   
371505        astra     150000                   11   benzin            opel   
371506         golf     150000                    9   diesel      volkswagen   
371507           a4     150000                    4   diesel            audi   
371508        astra     150000                    2   benzin            opel   
371509          NaN     150000                    7      NaN      volkswagen   
371510     e_klasse     150000                    3   diesel   mercedes_benz   
371511           a3     150000                   12   benzin            audi   
371512     e_klasse     150000                   12   diesel   mercedes_benz   
371513         leon     150000                    7   diesel            seat   
371514       megane     150000                    4   benzin         renault   
371515        fabia     150000                    4   benzin           skoda   
371516         lupo     150000                    9   benzin      volkswagen   
371517         golf     150000                    7   diesel      volkswagen   
371518          3er     150000                    5   diesel             bmw   
371519          159     150000                   12      NaN      alfa_romeo   
371520         leon     150000                    5   benzin            seat   
371521       zafira     150000                    3   benzin            opel   
371522         colt     150000                    7   benzin      mitsubishi   
371523          NaN      20000                    1      NaN  sonstige_autos   
371524       fortwo     125000                    3   benzin           smart   
371525  transporter     150000                    3   diesel      volkswagen   
371526         golf     150000                    6   diesel      volkswagen   
371527      m_reihe      50000                    8   benzin             bmw   

       notRepairedDamage          dateCreated  nrOfPictures  postalCode  \
0                    NaN  2016-03-24 00:00:00             0       70435   
1                     ja  2016-03-24 00:00:00             0       66954   
2                    NaN  2016-03-14 00:00:00             0       90480   
3                   nein  2016-03-17 00:00:00             0       91074   
4                   nein  2016-03-31 00:00:00             0       60437   
5                     ja  2016-04-04 00:00:00             0       33775   
6                   nein  2016-04-01 00:00:00             0       67112   
7                   nein  2016-03-21 00:00:00             0       19348   
8                    NaN  2016-04-04 00:00:00             0       94505   
9                    NaN  2016-03-17 00:00:00             0       27472   
10                  nein  2016-03-26 00:00:00             0       96224   
11                    ja  2016-04-07 00:00:00             0       57290   
12                   NaN  2016-03-15 00:00:00             0       37269   
13                  nein  2016-03-21 00:00:00             0       90762   
14                  nein  2016-03-21 00:00:00             0        4177   
15                   NaN  2016-03-11 00:00:00             0       24148   
16                   NaN  2016-04-01 00:00:00             0       38871   
17                  nein  2016-03-20 00:00:00             0       65599   
18                  nein  2016-03-23 00:00:00             0       88361   
19                  nein  2016-04-01 00:00:00             0       49565   
20                  nein  2016-04-01 00:00:00             0       75365   
21                  nein  2016-03-27 00:00:00             0       68309   
22                  nein  2016-03-23 00:00:00             0       49716   
23                  nein  2016-03-12 00:00:00             0        9526   
24                    ja  2016-03-13 00:00:00             0       35390   
25                    ja  2016-03-18 00:00:00             0       73765   
26                  nein  2016-03-10 00:00:00             0       31139   
27                  nein  2016-03-07 00:00:00             0       12621   
28                  nein  2016-03-09 00:00:00             0       87471   
29                  nein  2016-03-08 00:00:00             0       86199   
...                  ...                  ...           ...         ...   
371498               NaN  2016-03-11 00:00:00             0       65936   
371499              nein  2016-03-08 00:00:00             0       24850   
371500              nein  2016-03-21 00:00:00             0       38470   
371501              nein  2016-03-26 00:00:00             0       34320   
371502              nein  2016-04-01 00:00:00             0       34414   
371503              nein  2016-03-31 00:00:00             0       90439   
371504               NaN  2016-03-07 00:00:00             0       61169   
371505                ja  2016-04-03 00:00:00             0       58730   
371506              nein  2016-03-20 00:00:00             0        1217   
371507               NaN  2016-03-16 00:00:00             0       56472   
371508              nein  2016-04-02 00:00:00             0       23820   
371509              nein  2016-03-11 00:00:00             0       87700   
371510              nein  2016-03-05 00:00:00             0       60437   
371511              nein  2016-03-31 00:00:00             0        4275   
371512                ja  2016-03-25 00:00:00             0       90473   
371513              nein  2016-03-21 00:00:00             0       45896   
371514               NaN  2016-04-04 00:00:00             0       88477   
371515               NaN  2016-03-09 00:00:00             0       18246   
371516              nein  2016-04-04 00:00:00             0       48653   
371517              nein  2016-03-28 00:00:00             0       75223   
371518              nein  2016-04-02 00:00:00             0       81825   
371519              nein  2016-03-09 00:00:00             0       51371   
371520                ja  2016-03-19 00:00:00             0       96465   
371521              nein  2016-03-27 00:00:00             0       26624   
371522                ja  2016-03-21 00:00:00             0        2694   
371523               NaN  2016-03-14 00:00:00             0       39576   
371524              nein  2016-03-05 00:00:00             0       26135   
371525              nein  2016-03-19 00:00:00             0       87439   
371526               NaN  2016-03-20 00:00:00             0       40764   
371527              nein  2016-03-07 00:00:00             0       73326   

                   lastSeen  
0       2016-04-07 03:16:57  
1       2016-04-07 01:46:50  
2       2016-04-05 12:47:46  
3       2016-03-17 17:40:17  
4       2016-04-06 10:17:21  
5       2016-04-06 19:17:07  
6       2016-04-05 18:18:39  
7       2016-03-25 16:47:58  
8       2016-04-04 23:42:13  
9       2016-03-31 17:17:06  
10      2016-04-06 10:45:34  
11      2016-04-07 10:25:17  
12      2016-04-01 13:16:16  
13      2016-03-23 02:50:54  
14      2016-04-06 07:45:42  
15      2016-03-19 08:46:47  
16      2016-04-01 12:46:46  
17      2016-04-06 13:16:07  
18      2016-04-05 18:45:11  
19      2016-04-05 22:46:05  
20      2016-04-05 16:45:49  
21      2016-04-07 06:44:26  
22      2016-03-31 01:16:33  
23      2016-03-21 01:46:11  
24      2016-03-13 20:40:49  
25      2016-03-18 21:44:09  
26      2016-03-16 09:16:46  
27      2016-03-26 09:44:53  
28      2016-03-10 07:44:33  
29      2016-03-09 11:45:28  
...                     ...  
371498  2016-03-17 12:44:29  
371499  2016-03-13 00:16:40  
371500  2016-04-07 04:17:32  
371501  2016-04-06 09:16:04  
371502  2016-04-07 09:44:29  
371503  2016-04-07 04:16:26  
371504  2016-03-08 21:28:38  
371505  2016-04-05 20:45:39  
371506  2016-04-07 02:44:27  
371507  2016-03-18 11:30:17  
371508  2016-04-06 15:18:04  
371509  2016-03-12 14:16:51  
371510  2016-03-12 12:18:05  
371511  2016-04-06 12:46:41  
371512  2016-04-07 00:44:51  
371513  2016-04-06 15:45:01  
371514  2016-04-06 12:44:52  
371515  2016-04-04 08:15:30  
371516  2016-04-06 11:17:13  
371517  2016-04-02 18:16:20  
371518  2016-04-06 20:47:12  
371519  2016-03-13 01:44:13  
371520  2016-03-19 20:44:43  
371521  2016-03-29 10:17:23  
371522  2016-03-21 10:42:49  
371523  2016-04-06 00:46:52  
371524  2016-03-11 18:17:12  
371525  2016-04-07 07:15:26  
371526  2016-03-24 12:45:21  
371527  2016-03-22 03:17:10  

[371528 rows x 20 columns]
>>> df.head()
           dateCrawled                            name  seller offerType  \
0  2016-03-24 11:52:17                      Golf_3_1.6  privat   Angebot   
1  2016-03-24 10:58:45            A5_Sportback_2.7_Tdi  privat   Angebot   
2  2016-03-14 12:52:21  Jeep_Grand_Cherokee_"Overland"  privat   Angebot   
3  2016-03-17 16:54:04              GOLF_4_1_4__3TRER  privat   Angebot   
4  2016-03-31 17:25:20  Skoda_Fabia_1.4_TDI_PD_Classic  privat   Angebot   

   price abtest vehicleType  yearOfRegistration    gearbox  powerPS  model  \
0    480   test         NaN                1993    manuell        0   golf   
1  18300   test       coupe                2011    manuell      190    NaN   
2   9800   test         suv                2004  automatik      163  grand   
3   1500   test  kleinwagen                2001    manuell       75   golf   
4   3600   test  kleinwagen                2008    manuell       69  fabia   

   kilometer  monthOfRegistration fuelType       brand notRepairedDamage  \
0     150000                    0   benzin  volkswagen               NaN   
1     125000                    5   diesel        audi                ja   
2     125000                    8   diesel        jeep               NaN   
3     150000                    6   benzin  volkswagen              nein   
4      90000                    7   diesel       skoda              nein   

           dateCreated  nrOfPictures  postalCode             lastSeen  
0  2016-03-24 00:00:00             0       70435  2016-04-07 03:16:57  
1  2016-03-24 00:00:00             0       66954  2016-04-07 01:46:50  
2  2016-03-14 00:00:00             0       90480  2016-04-05 12:47:46  
3  2016-03-17 00:00:00             0       91074  2016-03-17 17:40:17  
4  2016-03-31 00:00:00             0       60437  2016-04-06 10:17:21  
>>> df.head()
           dateCrawled                            name  seller offerType  \
0  2016-03-24 11:52:17                      Golf_3_1.6  privat   Angebot   
1  2016-03-24 10:58:45            A5_Sportback_2.7_Tdi  privat   Angebot   
2  2016-03-14 12:52:21  Jeep_Grand_Cherokee_"Overland"  privat   Angebot   
3  2016-03-17 16:54:04              GOLF_4_1_4__3TRER  privat   Angebot   
4  2016-03-31 17:25:20  Skoda_Fabia_1.4_TDI_PD_Classic  privat   Angebot   

   price abtest vehicleType  yearOfRegistration    gearbox  powerPS  model  \
0    480   test         NaN                1993    manuell        0   golf   
1  18300   test       coupe                2011    manuell      190    NaN   
2   9800   test         suv                2004  automatik      163  grand   
3   1500   test  kleinwagen                2001    manuell       75   golf   
4   3600   test  kleinwagen                2008    manuell       69  fabia   

   kilometer  monthOfRegistration fuelType       brand notRepairedDamage  \
0     150000                    0   benzin  volkswagen               NaN   
1     125000                    5   diesel        audi                ja   
2     125000                    8   diesel        jeep               NaN   
3     150000                    6   benzin  volkswagen              nein   
4      90000                    7   diesel       skoda              nein   

           dateCreated  nrOfPictures  postalCode             lastSeen  
0  2016-03-24 00:00:00             0       70435  2016-04-07 03:16:57  
1  2016-03-24 00:00:00             0       66954  2016-04-07 01:46:50  
2  2016-03-14 00:00:00             0       90480  2016-04-05 12:47:46  
3  2016-03-17 00:00:00             0       91074  2016-03-17 17:40:17  
4  2016-03-31 00:00:00             0       60437  2016-04-06 10:17:21  
>>> df["nrOfPictures"]
0         0
1         0
2         0
3         0
4         0
5         0
6         0
7         0
8         0
9         0
10        0
11        0
12        0
13        0
14        0
15        0
16        0
17        0
18        0
19        0
20        0
21        0
22        0
23        0
24        0
25        0
26        0
27        0
28        0
29        0
         ..
371498    0
371499    0
371500    0
371501    0
371502    0
371503    0
371504    0
371505    0
371506    0
371507    0
371508    0
371509    0
371510    0
371511    0
371512    0
371513    0
371514    0
371515    0
371516    0
371517    0
371518    0
371519    0
371520    0
371521    0
371522    0
371523    0
371524    0
371525    0
371526    0
371527    0
Name: nrOfPictures, dtype: int64
>>> for i in 371527:
... flag=0
  File "<stdin>", line 2
    flag=0
       ^
IndentationError: expected an indented block
>>> flag=0
>>> for i in 371527:
...  if df["nrOfPictures"][i]
  File "<stdin>", line 2
    if df["nrOfPictures"][i]
                           ^
SyntaxError: invalid syntax
>>> 
>>> 
>>> 
>>> 
>>> 
>>> 
>>> 
